// Jest Snapshot v1, https://goo.gl/fbAQLP

exports[`Testing a Home Page 1`] = `null`;
